▿ Images
  - Frame2.png
  - Frame.png
▿ QuickView
  - Preview.heic
- document.json
