▿ Images
  - Frame.png
▿ Frame
  - controls.json
  - info.json
▿ QuickView
  - Preview.png
