▿ Images
  - Frame.png
▿ QuickView
  - Preview.png
- controls.json
